10:58:44 **** Build of project lec_17_bsp ****
make -k all 
libgen -hw ../lec_17_hw_platform/system.xml\
	       \
	       -pe microblaze_0 \
	       -log libgen.log \
	       system.mss
libgen
Xilinx EDK 14.7 Build EDK_P.20131013
Copyright (c) 1995-2012 Xilinx, Inc.  All rights reserved.

Command Line: libgen -hw ../lec_17_hw_platform/system.xml -pe microblaze_0 -log
libgen.log system.mss 


Staging source files.
Running DRCs.
Running generate.
Running post_generate.
Running include - 'make -s include "COMPILER=mb-gcc" "ARCHIVER=mb-ar"
"COMPILER_FLAGS=-mlittle-endian -mno-xl-soft-mul -mxl-barrel-shift
-mxl-pattern-compare -mcpu=v8.50.c  -O2 -c" "EXTRA_COMPILER_FLAGS=-g
-ffunction-sections -fdata-sections"'.

Running libs - 'make -s libs "COMPILER=mb-gcc" "ARCHIVER=mb-ar"
"COMPILER_FLAGS=-mlittle-endian -mno-xl-soft-mul -mxl-barrel-shift
-mxl-pattern-compare -mcpu=v8.50.c  -O2 -c" "EXTRA_COMPILER_FLAGS=-g
-ffunction-sections -fdata-sections"'.
"Compiling common"
"Compiling standalone";
"Compiling uartlite"
"Compiling bram"
"Compiling cpu"
Running execs_generate.
'Finished building libraries'

**** Build of configuration Debug for project lec_17 ****

Nothing to build for project lec_17
10:59:31 **** Auto Build of configuration Debug for project lec_17 ****
make all 
'Building file: ../src/main.c'
'Invoking: MicroBlaze gcc compiler'
mb-gcc -Wall -O0 -g3 -c -fmessage-length=0 -I../../lec_17_bsp/microblaze_0/include -mlittle-endian -mxl-barrel-shift -mxl-pattern-compare -mcpu=v8.50.c -mno-xl-soft-mul -Wl,--no-relax -ffunction-sections -fdata-sections -MMD -MP -MF"src/main.d" -MT"src/main.d" -o "src/main.o" "../src/main.c"
'Finished building: ../src/main.c'
' '
'Building target: lec_17.elf'
'Invoking: MicroBlaze gcc linker'
mb-gcc -Wl,-T -Wl,../src/lscript.ld -L../../lec_17_bsp/microblaze_0/lib -mlittle-endian -mxl-barrel-shift -mxl-pattern-compare -mcpu=v8.50.c -mno-xl-soft-mul -Wl,--no-relax -Wl,--gc-sections -o "lec_17.elf"  ./src/main.o   -Wl,--start-group,-lxil,-lgcc,-lc,--end-group
c:/xilinx/14.7/ise_ds/edk/gnu/microblaze/nt/bin/../lib/gcc/microblaze-xilinx-elf/4.6.4/../../../../microblaze-xilinx-elf/lib/bs/m/le/crtinit.o: In function `_crtinit':
/wrk/ptx/users/nagaraju/GCC_2013_03/newlib/libgloss/microblaze/crtinit.S:69: undefined reference to `main'
collect2: ld returned 1 exit status
make: *** [lec_17.elf] Error 1
10:59:40 **** Auto Build of configuration Debug for project lec_17 ****
make all 
'Building file: ../src/main.c'
'Invoking: MicroBlaze gcc compiler'
mb-gcc -Wall -O0 -g3 -c -fmessage-length=0 -I../../lec_17_bsp/microblaze_0/include -mlittle-endian -mxl-barrel-shift -mxl-pattern-compare -mcpu=v8.50.c -mno-xl-soft-mul -Wl,--no-relax -ffunction-sections -fdata-sections -MMD -MP -MF"src/main.d" -MT"src/main.d" -o "src/main.o" "../src/main.c"
'Finished building: ../src/main.c'
' '
'Building target: lec_17.elf'
'Invoking: MicroBlaze gcc linker'
mb-gcc -Wl,-T -Wl,../src/lscript.ld -L../../lec_17_bsp/microblaze_0/lib -mlittle-endian -mxl-barrel-shift -mxl-pattern-compare -mcpu=v8.50.c -mno-xl-soft-mul -Wl,--no-relax -Wl,--gc-sections -o "lec_17.elf"  ./src/main.o   -Wl,--start-group,-lxil,-lgcc,-lc,--end-group
'Finished building target: lec_17.elf'
' '
'Invoking: MicroBlaze Print Size'
mb-size lec_17.elf  |tee "lec_17.elf.size"
   text	   data	    bss	    dec	    hex	filename
   1846	    268	   2084	   4198	   1066	lec_17.elf
'Finished building: lec_17.elf.size'
' '
'Invoking: Xilinx ELF Check'
elfcheck lec_17.elf -hw ../../lec_17_hw_platform/system.xml -pe microblaze_0  |tee "lec_17.elf.elfcheck"
elfcheck
Xilinx EDK 14.7 Build EDK_P.20131013
Copyright (c) 1995-2012 Xilinx, Inc.  All rights reserved.

Command Line: elfcheck -hw ../../lec_17_hw_platform/system.xml -pe microblaze_0
lec_17.elf 

ELF file	: lec_17.elf
elfcheck passed.
'Finished building: lec_17.elf.elfcheck'
' '
11:00:57 **** Auto Build of project lec_17_bsp ****
make -k all 
'Finished building libraries'
12:21:07 **** Auto Build of project lec_17_bsp ****
make -k all 
'Finished building libraries'
12:21:38 **** Clean-only build of configuration Debug for project lec_17 ****
make clean 
rm -rf  ./src/main.o  ./src/main.d  lec_17.elf.size  lec_17.elf.elfcheck  lec_17.elf
' '
12:21:38 **** Auto Build of configuration Debug for project lec_17 ****
make all 
'Building file: ../src/main.c'
'Invoking: MicroBlaze gcc compiler'
mb-gcc -Wall -O0 -g3 -c -fmessage-length=0 -I../../lec_17_bsp/microblaze_0/include -mlittle-endian -mxl-barrel-shift -mxl-pattern-compare -mcpu=v8.50.c -mno-xl-soft-mul -Wl,--no-relax -ffunction-sections -fdata-sections -MMD -MP -MF"src/main.d" -MT"src/main.d" -o "src/main.o" "../src/main.c"
'Finished building: ../src/main.c'
' '
'Building target: lec_17.elf'
'Invoking: MicroBlaze gcc linker'
mb-gcc -Wl,-T -Wl,../src/lscript.ld -L../../lec_17_bsp/microblaze_0/lib -mlittle-endian -mxl-barrel-shift -mxl-pattern-compare -mcpu=v8.50.c -mno-xl-soft-mul -Wl,--no-relax -Wl,--gc-sections -o "lec_17.elf"  ./src/main.o   -Wl,--start-group,-lxil,-lgcc,-lc,--end-group
'Finished building target: lec_17.elf'
' '
'Invoking: MicroBlaze Print Size'
mb-size lec_17.elf  |tee "lec_17.elf.size"
   text	   data	    bss	    dec	    hex	filename
   1862	    268	   2084	   4214	   1076	lec_17.elf
'Finished building: lec_17.elf.size'
' '
'Invoking: Xilinx ELF Check'
elfcheck lec_17.elf -hw ../../lec_17_hw_platform/system.xml -pe microblaze_0  |tee "lec_17.elf.elfcheck"
elfcheck
Xilinx EDK 14.7 Build EDK_P.20131013
Copyright (c) 1995-2012 Xilinx, Inc.  All rights reserved.

Command Line: elfcheck -hw ../../lec_17_hw_platform/system.xml -pe microblaze_0
lec_17.elf 

ELF file	: lec_17.elf
elfcheck passed.
'Finished building: lec_17.elf.elfcheck'
' '
12:22:13 **** Auto Build of project lec_17_bsp ****
make -k all 
libgen -hw ../lec_17_hw_platform/system.xml\
	       \
	       -pe microblaze_0 \
	       -log libgen.log \
	       system.mss
libgen
Xilinx EDK 14.7 Build EDK_P.20131013
Copyright (c) 1995-2012 Xilinx, Inc.  All rights reserved.

Command Line: libgen -hw ../lec_17_hw_platform/system.xml -pe microblaze_0 -log
libgen.log system.mss 


Staging source files.
Running DRCs.
Running generate.
Running post_generate.
Running include - 'make -s include "COMPILER=mb-gcc" "ARCHIVER=mb-ar"
"COMPILER_FLAGS=-mlittle-endian -mno-xl-soft-mul -mxl-barrel-shift
-mxl-pattern-compare -mcpu=v8.50.c  -O2 -c" "EXTRA_COMPILER_FLAGS=-g
-ffunction-sections -fdata-sections"'.

Running libs - 'make -s libs "COMPILER=mb-gcc" "ARCHIVER=mb-ar"
"COMPILER_FLAGS=-mlittle-endian -mno-xl-soft-mul -mxl-barrel-shift
-mxl-pattern-compare -mcpu=v8.50.c  -O2 -c" "EXTRA_COMPILER_FLAGS=-g
-ffunction-sections -fdata-sections"'.
"Compiling common"
"Compiling standalone";
"Compiling uartlite"
"Compiling bram"
"Compiling cpu"
Running execs_generate.
'Finished building libraries'
12:22:59 **** Auto Build of configuration Debug for project lec_17 ****
make all 
make: Nothing to be done for `all'.
