C:\Users\C16Sabin.Park\Documents\Classes\Semester_6\ECE_383\MicroBlaze_Projects_v2\lec_17\implementation\system.ngc 1424803853
C:/Users/C16Sabin.Park/Documents/Classes/Semester_6/ECE_383/MicroBlaze_Projects_v2/lec_17/implementation/system_proc_sys_reset_0_wrapper.ngc 1424803758
C:/Users/C16Sabin.Park/Documents/Classes/Semester_6/ECE_383/MicroBlaze_Projects_v2/lec_17/implementation/system_clock_generator_0_wrapper.ngc 1424803829
C:/Users/C16Sabin.Park/Documents/Classes/Semester_6/ECE_383/MicroBlaze_Projects_v2/lec_17/implementation/system_axi_uartlite_0_wrapper.ngc 1424803758
C:/Users/C16Sabin.Park/Documents/Classes/Semester_6/ECE_383/MicroBlaze_Projects_v2/lec_17/implementation/system_microblaze_0_ilmb_wrapper.ngc 1424803758
C:/Users/C16Sabin.Park/Documents/Classes/Semester_6/ECE_383/MicroBlaze_Projects_v2/lec_17/implementation/system_microblaze_0_dlmb_wrapper.ngc 1424803758
C:/Users/C16Sabin.Park/Documents/Classes/Semester_6/ECE_383/MicroBlaze_Projects_v2/lec_17/implementation/system_axi4lite_0_wrapper.ngc 1424803835
C:/Users/C16Sabin.Park/Documents/Classes/Semester_6/ECE_383/MicroBlaze_Projects_v2/lec_17/implementation/system_microblaze_0_wrapper.ngc 1424803758
C:/Users/C16Sabin.Park/Documents/Classes/Semester_6/ECE_383/MicroBlaze_Projects_v2/lec_17/implementation/system_microblaze_0_i_bram_ctrl_wrapper.ngc 1424803770
C:/Users/C16Sabin.Park/Documents/Classes/Semester_6/ECE_383/MicroBlaze_Projects_v2/lec_17/implementation/system_microblaze_0_d_bram_ctrl_wrapper.ngc 1424803780
C:/Users/C16Sabin.Park/Documents/Classes/Semester_6/ECE_383/MicroBlaze_Projects_v2/lec_17/implementation/system_debug_module_wrapper.ngc 1424803758
C:/Users/C16Sabin.Park/Documents/Classes/Semester_6/ECE_383/MicroBlaze_Projects_v2/lec_17/implementation/system_led_peripheral_0_wrapper.ngc 1424803823
C:/Users/C16Sabin.Park/Documents/Classes/Semester_6/ECE_383/MicroBlaze_Projects_v2/lec_17/implementation/system_microblaze_0_bram_block_wrapper.ngc 1424803758
OK
